Microchip MPLAB XC8 Compiler V2.40

Linker command line:

-W-3 \
  --edf=C:/Users/GForlan/.mchp_packs/Microchip/PIC16Fxxx_DFP/1.4.149/xc8\pic\dat\20230322214319_en.msgs \
  -cn -h+dist/default/debug\pic_sim_debug.X.debug.sym \
  --cmf=dist/default/debug\pic_sim_debug.X.debug.cmf -z -Q16F877A \
  -oC:\Users\GForlan\AppData\Local\Temp\xcAs6nc.4 --defsym=__MPLAB_BUILD=1 \
  --fixupoverflow=error -Mdist/default/debug/pic_sim_debug.X.debug.map \
  --md=C:\Users\GForlan\AppData\Local\Temp\xcAs6nc.dat -E1 \
  -ver=XC8 Compiler --acfsm=1493 -ACODE=00h-07FFhx4 -ASTRCODE=00h-01FFFh \
  -ASTRING=00h-0FFhx32 -ACONST=00h-0FFhx32 -AENTRY=00h-0FFhx32 \
  -ACOMMON=070h-07Fh -ABANK0=020h-06Fh -ABANK1=0A0h-0EFh \
  -ABANK2=0110h-016Fh -ABANK3=0190h-01EFh \
  -ARAM=020h-06Fh,0A0h-0EFh,0110h-016Fh,0190h-01EFh \
  -AABS1=020h-07Fh,0A0h-0EFh,0110h-016Fh,0190h-01EFh -ASFR0=00h-01Fh \
  -ASFR1=080h-09Fh -ASFR2=0100h-010Fh -ASFR3=0180h-018Fh \
  -ACONFIG=02007h-02007h -DCONFIG=2 -AIDLOC=02000h-02003h -DIDLOC=2 \
  -AEEDATA=00h-0FFh/02100h -peeprom_data=EEDATA -DEEDATA=2 -DCODE=2 \
  -DSTRCODE=2 -DSTRING=2 -DCONST=2 -DENTRY=2 \
  -preset_vec=00h,intentry=04h,init,end_init -ppowerup=CODE -pcinit=CODE \
  -pfunctab=ENTRY -k C:\Users\GForlan\AppData\Local\Temp\xcAs6nc.o \
  dist/default/debug\pic_sim_debug.X.debug.o 

Object code version is 3.11

Machine type is 16F877A



                Name                               Link     Load   Length Selector   Space Scale
C:\Users\GForlan\AppData\Local\Temp\xcAs6nc.o
                end_init                             10       10        3        8       0
                reset_vec                             0        0        3        0       0
                config                             2007     2007        1        0       4
                idloc                              2000     2000        4        0       5
dist/default/debug\pic_sim_debug.X.debug.o
                cinit                                13       13       18        8       0
                intentry                              4        4        C        8       0
                config                             2007     2007        1        0       4
                idloc                              2000     2000        4        0       5
                text17                              303      303       B0        8       0
                text16                              7A1      7A1       19      AFE       0
                text15                              44E      44E       8C        8       0
                text14                              4F8      4F8        5        8       0
                text13                              4F3      4F3        5        8       0
                text12                              4DA      4DA        F        8       0
                text11                              7E6      7E6       12      AFE       0
                text10                              669      669       69      AFE       0
                text9                               6D2      6D2       5B      AFE       0
                text8                               7BA      7BA       17      AFE       0
                text7                               775      775       2C      AFE       0
                text6                               57F      57F       7C      AFE       0
                text5                               7D1      7D1       15      AFE       0
                text4                               72D      72D       48      AFE       0
                text3                               3B3      3B3       9B        8       0
                text2                               4E9      4E9        A        8       0
                text1                               5FB      5FB       6E      AFE       0
                maintext                             2B       2B      2D8        8       0
                cstackBANK0                          51       51       1C       20       1
                cstackCOMMON                         70       70        5       70       1
                cstackBANK1                          A0       A0        3       A0       1
                clrtext                             7F8      7F8        8      AFE       0
                dataBANK0                            6D       6D        1       20       1
                bssBANK0                             20       20       31       20       1
                bssCOMMON                            75       75        4       70       1
                bitbssCOMMON                        3C8       79        1       70       1     8
                strings                             500      500       7F      A00       0
                idataBANK0                          4FD      4FD        1        8       0

TOTAL           Name                               Link     Load   Length     Space
        CLASS   CODE           
                end_init                             10       10        3         0
                cinit                                13       13       18         0
                intentry                              4        4        C         0
                reset_vec                             0        0        3         0
                text17                              303      303       B0         0
                text16                              7A1      7A1       19         0
                text15                              44E      44E       8C         0
                text14                              4F8      4F8        5         0
                text13                              4F3      4F3        5         0
                text12                              4DA      4DA        F         0
                text11                              7E6      7E6       12         0
                text10                              669      669       69         0
                text9                               6D2      6D2       5B         0
                text8                               7BA      7BA       17         0
                text7                               775      775       2C         0
                text6                               57F      57F       7C         0
                text5                               7D1      7D1       15         0
                text4                               72D      72D       48         0
                text3                               3B3      3B3       9B         0
                text2                               4E9      4E9        A         0
                text1                               5FB      5FB       6E         0
                maintext                             2B       2B      2D8         0
                clrtext                             7F8      7F8        8         0
                idataBANK0                          4FD      4FD        1         0

        CLASS   STRCODE        

        CLASS   STRING         
                strings                             500      500       7F         0

        CLASS   CONST          

        CLASS   ENTRY          

        CLASS   COMMON         
                cstackCOMMON                         70       70        5         1
                bssCOMMON                            75       75        4         1
                bitbssCOMMON                        3C8       79        1         1

        CLASS   BANK0          
                cstackBANK0                          51       51       1C         1
                dataBANK0                            6D       6D        1         1
                bssBANK0                             20       20       31         1

        CLASS   BANK1          
                cstackBANK1                          A0       A0        3         1

        CLASS   BANK2          

        CLASS   BANK3          

        CLASS   RAM            

        CLASS   ABS1           
                abs_s1                               7E       7E        2         1

        CLASS   SFR0           

        CLASS   SFR1           

        CLASS   SFR2           

        CLASS   SFR3           

        CLASS   CONFIG         
                config                             2007     2007        1         4

        CLASS   IDLOC          
                idloc                              2000     2000        4         5

        CLASS   EEDATA         

        CLASS   STACK          



SEGMENTS        Name                           Load    Length   Top    Selector   Space  Class     Delta

                reset_vec                      000000  000003  000003         0       0  CODE        2
                intentry                       000004  0004FA  0004FE         8       0  CODE        2
                bssBANK0                       000020  00004E  00006E        20       1  BANK0       1
                cstackCOMMON                   000070  00000A  00007A        70       1  COMMON      1
                cstackBANK1                    0000A0  000003  0000A3        A0       1  BANK1       1
                strings                        000500  00007F  00057F       A00       0  STRING      2
                text6                          00057F  000281  000800       AFE       0  CODE        2


UNUSED ADDRESS RANGES

        Name                Unused          Largest block    Delta
        BANK0            006E-006F              2           1
        BANK1            00A3-00EF             4D           1
        BANK2            0110-016F             60           1
        BANK3            0190-01EF             60           1
        CODE             0003-0003              1           2
                         04FE-04FF              2
                         0800-1FFF            800
        COMMON           007A-007D              4           1
        CONST            0003-0003              1           2
                         04FE-04FF              2
                         0800-1FFF            100
        EEDATA           2100-21FF            100           2
        ENTRY            0003-0003              1           2
                         04FE-04FF              2
                         0800-1FFF            100
        RAM              006E-006F              2           1
                         00A3-00EF             4D
                         0110-016F             60
                         0190-01EF             60
        SFR0             0000-001F             20           1
        SFR1             0080-009F             20           1
        SFR2             0100-010F             10           1
        SFR3             0180-018F             10           1
        STRCODE          0003-0003              1           2
                         04FE-04FF              2
                         0800-1FFF           1800
        STRING           0003-0003              1           2
                         04FE-04FF              2
                         0800-1FFF            100

                                  Symbol Table

?___awdiv                      cstackBANK0  005B
?___awmod                      cstackBANK0  0051
GenerateRandomNumber@count     cstackBANK0  0052
GenerateRandomNumber@randomNum cstackBANK0  0051
UART_Write@data                cstackBANK0  0051
_BRGH                          (abs)        04C2
_CREN                          (abs)        00C4
_GIE                           (abs)        005F
_GenerateRandomNumber          text16       07A1
_ISR                           text17       0303
_KeyPadReader                  text15       044E
_PORTB                         (abs)        0006
_PORTD                         (abs)        0008
_PORTEbits                     (abs)        0009
_PS0                           (abs)        0408
_PS1                           (abs)        0409
_PS2                           (abs)        040A
_PSA                           (abs)        040B
_RC0                           (abs)        0038
_RC1                           (abs)        0039
_RCIF                          (abs)        0065
_RCREG                         (abs)        001A
_RS485_RxEnable                text14       04F8
_RS485_TxEnable                text13       04F3
_SPBRG                         (abs)        0099
_SPEN                          (abs)        00C7
_SYNC                          (abs)        04C4
_T0CS                          (abs)        040D
_TMR0                          (abs)        0001
_TMR0IE                        (abs)        005D
_TMR0IF                        (abs)        005A
_TRISA                         (abs)        0085
_TRISB                         (abs)        0086
_TRISC                         (abs)        0087
_TRISC6                        (abs)        043E
_TRISC7                        (abs)        043F
_TRISD                         (abs)        0088
_TRISE                         (abs)        0089
_TRISEbits                     (abs)        0089
_TXEN                          (abs)        04C5
_TXIF                          (abs)        0064
_TXREG                         (abs)        0019
_Timer0_Init                   text12       04DA
_UART_Init                     text11       07E6
_UART_Read                     text3        03B3
_UART_Write                    text2        04E9
__Habs1                        abs1         0000
__Hbank0                       bank0        0000
__Hbank1                       bank1        0000
__Hbank2                       bank2        0000
__Hbank3                       bank3        0000
__HbitbssCOMMON                bitbssCOMMON 0000
__HbssBANK0                    bssBANK0     0000
__HbssCOMMON                   bssCOMMON    0000
__Hcinit                       cinit        002B
__Hclrtext                     clrtext      0000
__Hcode                        code         0000
__Hcommon                      common       0000
__Hconfig                      config       2008
__HcstackBANK0                 cstackBANK0  0000
__HcstackBANK1                 cstackBANK1  0000
__HcstackCOMMON                cstackCOMMON 0000
__HdataBANK0                   dataBANK0    0000
__Heeprom_data                 eeprom_data  0000
__Hend_init                    end_init     0013
__Hfunctab                     functab      0000
__HidataBANK0                  idataBANK0   0000
__Hidloc                       idloc        2004
__Hinit                        init         0010
__Hintentry                    intentry     0010
__Hmaintext                    maintext     0000
__Hpowerup                     powerup      0000
__Hram                         ram          0000
__Hreset_vec                   reset_vec    0003
__Hsfr0                        sfr0         0000
__Hsfr1                        sfr1         0000
__Hsfr2                        sfr2         0000
__Hsfr3                        sfr3         0000
__Hspace_0                     (abs)        0800
__Hspace_1                     (abs)        03C9
__Hspace_2                     (abs)        0000
__Hspace_3                     (abs)        0000
__Hspace_4                     (abs)        400F
__Hstack                       stack        0000
__Hstrings                     strings      0000
__Htext                        text         0000
__Labs1                        abs1         0000
__Lbank0                       bank0        0000
__Lbank1                       bank1        0000
__Lbank2                       bank2        0000
__Lbank3                       bank3        0000
__LbitbssCOMMON                bitbssCOMMON 0000
__LbssBANK0                    bssBANK0     0000
__LbssCOMMON                   bssCOMMON    0000
__Lcinit                       cinit        0013
__Lclrtext                     clrtext      0000
__Lcode                        code         0000
__Lcommon                      common       0000
__Lconfig                      config       0000
__LcstackBANK0                 cstackBANK0  0000
__LcstackBANK1                 cstackBANK1  0000
__LcstackCOMMON                cstackCOMMON 0000
__LdataBANK0                   dataBANK0    0000
__Leeprom_data                 eeprom_data  0000
__Lend_init                    end_init     0010
__Lfunctab                     functab      0000
__LidataBANK0                  idataBANK0   0000
__Lidloc                       idloc        0000
__Linit                        init         0010
__Lintentry                    intentry     0004
__Lmaintext                    maintext     0000
__Lpowerup                     powerup      0000
__Lram                         ram          0000
__Lreset_vec                   reset_vec    0000
__Lsfr0                        sfr0         0000
__Lsfr1                        sfr1         0000
__Lsfr2                        sfr2         0000
__Lsfr3                        sfr3         0000
__Lspace_0                     (abs)        0000
__Lspace_1                     (abs)        0000
__Lspace_2                     (abs)        0000
__Lspace_3                     (abs)        0000
__Lspace_4                     (abs)        0000
__Lstack                       stack        0000
__Lstrings                     strings      0000
__Ltext                        text         0000
__S0                           (abs)        0800
__S1                           (abs)        00A3
__S3                           (abs)        0000
___awdiv                       text10       0669
___awdiv@counter               cstackBANK0  0060
___awdiv@dividend              cstackBANK0  005D
___awdiv@divisor               cstackBANK0  005B
___awdiv@quotient              cstackBANK0  0062
___awdiv@sign                  cstackBANK0  0061
___awmod                       text9        06D2
___awmod@counter               cstackBANK0  0056
___awmod@dividend              cstackBANK0  0053
___awmod@divisor               cstackBANK0  0051
___awmod@sign                  cstackBANK0  0057
___bmul                        text8        07BA
___bmul@multiplicand           cstackBANK0  0051
___bmul@multiplier             cstackBANK0  0054
___bmul@product                cstackBANK0  0053
___int_sp                      stack        0000
___latbits                     (abs)        0002
___sp                          stack        0000
___stackhi                     (abs)        0000
___stacklo                     (abs)        0000
__end_of_GenerateRandomNumber  text16       07BA
__end_of_ISR                   text17       03B3
__end_of_KeyPadReader          text15       04DA
__end_of_RS485_RxEnable        text14       04FD
__end_of_RS485_TxEnable        text13       04F8
__end_of_Timer0_Init           text12       04E9
__end_of_UART_Init             text11       07F8
__end_of_UART_Read             text3        044E
__end_of_UART_Write            text2        04F3
__end_of___awdiv               text10       06D2
__end_of___awmod               text9        072D
__end_of___bmul                text8        07D1
__end_of__initialization       cinit        0027
__end_of__stringtab            strings      0510
__end_of_colMask               strings      0523
__end_of_initLCD               text1        0669
__end_of_intToString           text6        05FB
__end_of_keys                  strings      051C
__end_of_lcdPrint              text4        0775
__end_of_lcdSend               text5        07E6
__end_of_main                  maintext     0303
__end_of_potenza               text7        07A1
__end_of_rowMask               strings      0520
__initialization               cinit        0013
__pbitbssCOMMON                bitbssCOMMON 03C8
__pbssBANK0                    bssBANK0     0020
__pbssCOMMON                   bssCOMMON    0075
__pcstackBANK0                 cstackBANK0  0051
__pcstackBANK1                 cstackBANK1  00A0
__pcstackCOMMON                cstackCOMMON 0070
__pdataBANK0                   dataBANK0    006D
__pidataBANK0                  idataBANK0   04FD
__pintentry                    intentry     0004
__pmaintext                    maintext     002B
__pstrings                     strings      0500
__ptext1                       text1        05FB
__ptext10                      text10       0669
__ptext11                      text11       07E6
__ptext12                      text12       04DA
__ptext13                      text13       04F3
__ptext14                      text14       04F8
__ptext15                      text15       044E
__ptext16                      text16       07A1
__ptext17                      text17       0303
__ptext2                       text2        04E9
__ptext3                       text3        03B3
__ptext4                       text4        072D
__ptext5                       text5        07D1
__ptext6                       text6        057F
__ptext7                       text7        0775
__ptext8                       text8        07BA
__ptext9                       text9        06D2
__stringbase                   strings      050F
__stringtab                    strings      0500
_codice                        bssBANK0     0036
_colMask                       strings      0520
_colScan                       bssBANK0     004A
_countdown                     dataBANK0    006D
_flag                          bssBANK0     0040
_initLCD                       text1        05FB
_intToString                   text6        057F
_keypressed                    bssBANK0     004C
_keys                          strings      0510
_lcdPrint                      text4        072D
_lcdSend                       text5        07D1
_main                          maintext     002B
_num1                          bssCOMMON    0078
_num2                          bssCOMMON    0077
_num3                          bssCOMMON    0076
_num4                          bssCOMMON    0075
_num5                          bssBANK0     004D
_old_btn                       bitbssCOMMON 03C8
_old_stato                     bssBANK0     0047
_potenza                       text7        0775
_print_countdown               bssBANK0     004E
_rowMask                       strings      051C
_rowScan                       bssBANK0     0049
_stato                         bssBANK0     0048
btemp                          (abs)        007E
clear_ram0                     clrtext      07F8
end_of_initialization          cinit        0027
intToString@cifre              cstackBANK0  006B
intToString@i                  cstackBANK0  006C
intToString@n                  cstackBANK0  0064
intToString@str                cstackBANK0  0066
intToString@t                  cstackBANK0  006A
interrupt_function             intentry     0004
intlevel0                      functab      0000
intlevel1                      functab      0000
intlevel2                      functab      0000
intlevel3                      functab      0000
intlevel4                      functab      0000
intlevel5                      functab      0000
lcdPrint@n                     cstackBANK0  0058
lcdPrint@str                   cstackBANK0  0053
lcdSend@dato                   cstackBANK0  0052
lcdSend@tipo                   cstackBANK0  0051
potenza@b                      cstackBANK0  0057
potenza@e                      cstackBANK0  0055
potenza@i                      cstackBANK0  0058
potenza@n                      cstackBANK0  005A
reset_vec                      reset_vec    0000
saved_w                        (abs)        007E
start                          init         0010
start_initialization           cinit        0013
wtemp0                         (abs)        007E


MODULE INFORMATION

Module		Function		Class		Link	Load	Size
C:\Program Files\Microchip\xc8\v2.40\pic\sources\c90\common\Umul8.c
		___bmul        		CODE           	07BA	0000	23

C:\Program Files\Microchip\xc8\v2.40\pic\sources\c90\common\Umul8.c estimated size: 23

C:\Program Files\Microchip\xc8\v2.40\pic\sources\c90\common\awdiv.c
		___awdiv       		CODE           	0669	0000	105

C:\Program Files\Microchip\xc8\v2.40\pic\sources\c90\common\awdiv.c estimated size: 105

shared
		__stringtab    		STRING         	0500	0000	16
		_rowMask       		STRING         	051C	0000	4
		_keys          		STRING         	0510	0000	12
		__initialization		CODE           	0013	0000	20
		_colMask       		STRING         	0520	0000	3

shared estimated size: 55

C:\Program Files\Microchip\xc8\v2.40\pic\sources\c90\common\awmod.c
		___awmod       		CODE           	06D2	0000	91

C:\Program Files\Microchip\xc8\v2.40\pic\sources\c90\common\awmod.c estimated size: 91

main.c
		_Timer0_Init   		CODE           	04DA	0000	15
		_ISR           		CODE           	0303	0000	176
		_UART_Read     		CODE           	03B3	0000	155
		_intToString   		CODE           	057F	0000	124
		_UART_Init     		CODE           	07E6	0000	18
		_RS485_RxEnable		CODE           	04F8	0000	5
		_main          		CODE           	002B	0000	728
		_RS485_TxEnable		CODE           	04F3	0000	5
		_KeyPadReader  		CODE           	044E	0000	140
		_GenerateRandomNumber		CODE           	07A1	0000	25
		_lcdSend       		CODE           	07D1	0000	21
		_UART_Write    		CODE           	04E9	0000	10
		_lcdPrint      		CODE           	072D	0000	72
		_potenza       		CODE           	0775	0000	44
		_initLCD       		CODE           	05FB	0000	110

main.c estimated size: 1648

