Microchip MPLAB XC8 Compiler V2.40

Linker command line:

-W-3 \
  --edf=C:/Users/GForlan/.mchp_packs/Microchip/PIC16Fxxx_DFP/1.4.149/xc8\pic\dat\20230322214319_en.msgs \
  -cn -h+dist/default/debug\pic_sim_debug.X.debug.sym \
  --cmf=dist/default/debug\pic_sim_debug.X.debug.cmf -z -Q16F877A \
  -oC:\Users\GForlan\AppData\Local\Temp\xcAsbv4.4 --defsym=__MPLAB_BUILD=1 \
  --fixupoverflow=error -Mdist/default/debug/pic_sim_debug.X.debug.map \
  --md=C:\Users\GForlan\AppData\Local\Temp\xcAsbv4.dat -E1 \
  -ver=XC8 Compiler --acfsm=1493 -ACODE=00h-07FFhx4 -ASTRCODE=00h-01FFFh \
  -ASTRING=00h-0FFhx32 -ACONST=00h-0FFhx32 -AENTRY=00h-0FFhx32 \
  -ACOMMON=070h-07Fh -ABANK0=020h-06Fh -ABANK1=0A0h-0EFh \
  -ABANK2=0110h-016Fh -ABANK3=0190h-01EFh \
  -ARAM=020h-06Fh,0A0h-0EFh,0110h-016Fh,0190h-01EFh \
  -AABS1=020h-07Fh,0A0h-0EFh,0110h-016Fh,0190h-01EFh -ASFR0=00h-01Fh \
  -ASFR1=080h-09Fh -ASFR2=0100h-010Fh -ASFR3=0180h-018Fh \
  -ACONFIG=02007h-02007h -DCONFIG=2 -AIDLOC=02000h-02003h -DIDLOC=2 \
  -AEEDATA=00h-0FFh/02100h -peeprom_data=EEDATA -DEEDATA=2 -DCODE=2 \
  -DSTRCODE=2 -DSTRING=2 -DCONST=2 -DENTRY=2 \
  -preset_vec=00h,intentry=04h,init,end_init -ppowerup=CODE -pcinit=CODE \
  -pfunctab=ENTRY -k C:\Users\GForlan\AppData\Local\Temp\xcAsbv4.o \
  dist/default/debug\pic_sim_debug.X.debug.o 

Object code version is 3.11

Machine type is 16F877A



                Name                               Link     Load   Length Selector   Space Scale
C:\Users\GForlan\AppData\Local\Temp\xcAsbv4.o
                end_init                             10       10        3        8       0
                reset_vec                             0        0        3        0       0
                config                             2007     2007        1        0       4
                idloc                              2000     2000        4        0       5
dist/default/debug\pic_sim_debug.X.debug.o
                cinit                                13       13       2B        8       0
                intentry                              4        4        C        8       0
                config                             2007     2007        1        0       4
                idloc                              2000     2000        4        0       5
                text18                              625      625       E1        8       0
                text17                              D6B      D6B       17     1AD6       0
                text16                              F73      F73       8D     1EE6       0
                text15                              7F0      7F0        F      F50       0
                text14                              D44      D44       12     1A88       0
                text13                              D28      D28        5     1A50       0
                text12                              D2D      D2D        5     1A5A       0
                text11                              D3A      D3A        A     1A74       0
                text10                              E20      E20       69     1C40       0
                text9                               DC5      DC5       5B     1B8A       0
                text8                               D82      D82       17     1B04       0
                text7                               D99      D99       2C     1B32       0
                text6                               EF7      EF7       7C     1DEE       0
                text5                               D56      D56       15     1AAC       0
                text4                               7A8      7A8       48      F50       0
                text3                               344      344      1E6        8       0
                text2                               52A      52A       FB        8       0
                text1                               E89      E89       6E     1D12       0
                maintext                             3E       3E      306        8       0
                cstackBANK0                          43       43       20       20       1
                cstackCOMMON                         70       70        5       70       1
                clrtext                             D32      D32        8     1A64       0
                bssBANK1                             A0       A0       10       A0       1
                dataBANK0                            63       63        2       20       1
                bssBANK0                             20       20       23       20       1
                dataCOMMON                           79       79        1       70       1
                bssCOMMON                            75       75        3       70       1
                bitbssCOMMON                        3C0       78        1       70       1     8
                strings                             706      706       A2      E0C       0
                idataBANK0                          D26      D26        2     1A4C       0
                idataCOMMON                         7FF      7FF        1      F50       0

TOTAL           Name                               Link     Load   Length     Space
        CLASS   CODE           
                end_init                             10       10        3         0
                cinit                                13       13       2B         0
                intentry                              4        4        C         0
                reset_vec                             0        0        3         0
                text18                              625      625       E1         0
                text17                              D6B      D6B       17         0
                text16                              F73      F73       8D         0
                text15                              7F0      7F0        F         0
                text14                              D44      D44       12         0
                text13                              D28      D28        5         0
                text12                              D2D      D2D        5         0
                text11                              D3A      D3A        A         0
                text10                              E20      E20       69         0
                text9                               DC5      DC5       5B         0
                text8                               D82      D82       17         0
                text7                               D99      D99       2C         0
                text6                               EF7      EF7       7C         0
                text5                               D56      D56       15         0
                text4                               7A8      7A8       48         0
                text3                               344      344      1E6         0
                text2                               52A      52A       FB         0
                text1                               E89      E89       6E         0
                maintext                             3E       3E      306         0
                clrtext                             D32      D32        8         0
                idataBANK0                          D26      D26        2         0
                idataCOMMON                         7FF      7FF        1         0

        CLASS   STRCODE        

        CLASS   STRING         
                strings                             706      706       A2         0

        CLASS   CONST          

        CLASS   ENTRY          

        CLASS   COMMON         
                cstackCOMMON                         70       70        5         1
                dataCOMMON                           79       79        1         1
                bssCOMMON                            75       75        3         1
                bitbssCOMMON                        3C0       78        1         1

        CLASS   BANK0          
                cstackBANK0                          43       43       20         1
                dataBANK0                            63       63        2         1
                bssBANK0                             20       20       23         1

        CLASS   BANK1          
                bssBANK1                             A0       A0       10         1

        CLASS   BANK2          

        CLASS   BANK3          

        CLASS   RAM            

        CLASS   ABS1           
                abs_s1                               7E       7E        2         1

        CLASS   SFR0           

        CLASS   SFR1           

        CLASS   SFR2           

        CLASS   SFR3           

        CLASS   CONFIG         
                config                             2007     2007        1         4

        CLASS   IDLOC          
                idloc                              2000     2000        4         5

        CLASS   EEDATA         

        CLASS   STACK          



SEGMENTS        Name                           Load    Length   Top    Selector   Space  Class     Delta

                reset_vec                      000000  000003  000003         0       0  CODE        2
                intentry                       000004  000702  000706         8       0  CODE        2
                bssBANK0                       000020  000045  000065        20       1  BANK0       1
                cstackCOMMON                   000070  00000A  00007A        70       1  COMMON      1
                bssBANK1                       0000A0  000010  0000B0        A0       1  BANK1       1
                strings                        000706  0000A2  0007A8       E0C       0  STRING      2
                text4                          0007A8  000058  000800       F50       0  CODE        2
                idataBANK0                     000D26  000002  000D28      1A4C       0  CODE        2
                text13                         000D28  000005  000D2D      1A50       0  CODE        2
                text12                         000D2D  000005  000D32      1A5A       0  CODE        2
                clrtext                        000D32  000008  000D3A      1A64       0  CODE        2
                text11                         000D3A  00000A  000D44      1A74       0  CODE        2
                text14                         000D44  000012  000D56      1A88       0  CODE        2
                text5                          000D56  000015  000D6B      1AAC       0  CODE        2
                text17                         000D6B  000017  000D82      1AD6       0  CODE        2
                text8                          000D82  000017  000D99      1B04       0  CODE        2
                text7                          000D99  00002C  000DC5      1B32       0  CODE        2
                text9                          000DC5  00005B  000E20      1B8A       0  CODE        2
                text10                         000E20  000069  000E89      1C40       0  CODE        2
                text1                          000E89  00006E  000EF7      1D12       0  CODE        2
                text6                          000EF7  00007C  000F73      1DEE       0  CODE        2
                text16                         000F73  00008D  001000      1EE6       0  CODE        2


UNUSED ADDRESS RANGES

        Name                Unused          Largest block    Delta
        BANK0            0065-006F              B           1
        BANK1            00B0-00EF             40           1
        BANK2            0110-016F             60           1
        BANK3            0190-01EF             60           1
        CODE             0003-0003              1           2
                         0800-0D25            526
                         1000-1FFF            800
        COMMON           007A-007D              4           1
        CONST            0003-0003              1           2
                         0800-0D25            100
                         1000-1FFF            100
        EEDATA           2100-21FF            100           2
        ENTRY            0003-0003              1           2
                         0800-0D25            100
                         1000-1FFF            100
        RAM              0065-006F              B           1
                         00B0-00EF             40
                         0110-016F             60
                         0190-01EF             60
        SFR0             0000-001F             20           1
        SFR1             0080-009F             20           1
        SFR2             0100-010F             10           1
        SFR3             0180-018F             10           1
        STRCODE          0003-0003              1           2
                         0800-0D25            526
                         1000-1FFF           1000
        STRING           0003-0003              1           2
                         0800-0D25            100
                         1000-1FFF            100

                                  Symbol Table

?___awdiv                      cstackBANK0  004D
?___awmod                      cstackBANK0  0043
GenerateRandomNumber@count     cstackBANK0  0044
GenerateRandomNumber@randomNum cstackBANK0  0043
UART_Read1@count               cstackBANK0  0062
UART_Write@data                cstackBANK0  0043
_BRGH                          (abs)        04C2
_CREN                          (abs)        00C4
_GIE                           (abs)        005F
_GenerateRandomNumber          text17       0D6B
_ISR                           text18       0625
_KeyPadReader                  text16       0F73
_PORTB                         (abs)        0006
_PORTD                         (abs)        0008
_PORTEbits                     (abs)        0009
_PS0                           (abs)        0408
_PS1                           (abs)        0409
_PS2                           (abs)        040A
_PSA                           (abs)        040B
_RC0                           (abs)        0038
_RC1                           (abs)        0039
_RCIF                          (abs)        0065
_RCREG                         (abs)        001A
_RS485_RxEnable                text13       0D28
_RS485_TxEnable                text12       0D2D
_SPBRG                         (abs)        0099
_SPEN                          (abs)        00C7
_SYNC                          (abs)        04C4
_T0CS                          (abs)        040D
_TMR0                          (abs)        0001
_TMR0IE                        (abs)        005D
_TMR0IF                        (abs)        005A
_TRISA                         (abs)        0085
_TRISB                         (abs)        0086
_TRISC                         (abs)        0087
_TRISC6                        (abs)        043E
_TRISC7                        (abs)        043F
_TRISD                         (abs)        0088
_TRISE                         (abs)        0089
_TRISEbits                     (abs)        0089
_TXEN                          (abs)        04C5
_TXIF                          (abs)        0064
_TXREG                         (abs)        0019
_Timer0_Init                   text15       07F0
_UART_Init                     text14       0D44
_UART_Read1                    text3        0344
_UART_Read2                    text2        052A
_UART_Write                    text11       0D3A
__Habs1                        abs1         0000
__Hbank0                       bank0        0000
__Hbank1                       bank1        0000
__Hbank2                       bank2        0000
__Hbank3                       bank3        0000
__HbitbssCOMMON                bitbssCOMMON 0000
__HbssBANK0                    bssBANK0     0000
__HbssBANK1                    bssBANK1     0000
__HbssCOMMON                   bssCOMMON    0000
__Hcinit                       cinit        003E
__Hclrtext                     clrtext      0000
__Hcode                        code         0000
__Hcommon                      common       0000
__Hconfig                      config       2008
__HcstackBANK0                 cstackBANK0  0000
__HcstackCOMMON                cstackCOMMON 0000
__HdataBANK0                   dataBANK0    0000
__HdataCOMMON                  dataCOMMON   0000
__Heeprom_data                 eeprom_data  0000
__Hend_init                    end_init     0013
__Hfunctab                     functab      0000
__HidataBANK0                  idataBANK0   0000
__HidataCOMMON                 idataCOMMON  0000
__Hidloc                       idloc        2004
__Hinit                        init         0010
__Hintentry                    intentry     0010
__Hmaintext                    maintext     0000
__Hpowerup                     powerup      0000
__Hram                         ram          0000
__Hreset_vec                   reset_vec    0003
__Hsfr0                        sfr0         0000
__Hsfr1                        sfr1         0000
__Hsfr2                        sfr2         0000
__Hsfr3                        sfr3         0000
__Hspace_0                     (abs)        1000
__Hspace_1                     (abs)        03C1
__Hspace_2                     (abs)        0000
__Hspace_3                     (abs)        0000
__Hspace_4                     (abs)        400F
__Hstack                       stack        0000
__Hstrings                     strings      0000
__Htext                        text         0000
__Labs1                        abs1         0000
__Lbank0                       bank0        0000
__Lbank1                       bank1        0000
__Lbank2                       bank2        0000
__Lbank3                       bank3        0000
__LbitbssCOMMON                bitbssCOMMON 0000
__LbssBANK0                    bssBANK0     0000
__LbssBANK1                    bssBANK1     0000
__LbssCOMMON                   bssCOMMON    0000
__Lcinit                       cinit        0013
__Lclrtext                     clrtext      0000
__Lcode                        code         0000
__Lcommon                      common       0000
__Lconfig                      config       0000
__LcstackBANK0                 cstackBANK0  0000
__LcstackCOMMON                cstackCOMMON 0000
__LdataBANK0                   dataBANK0    0000
__LdataCOMMON                  dataCOMMON   0000
__Leeprom_data                 eeprom_data  0000
__Lend_init                    end_init     0010
__Lfunctab                     functab      0000
__LidataBANK0                  idataBANK0   0000
__LidataCOMMON                 idataCOMMON  0000
__Lidloc                       idloc        0000
__Linit                        init         0010
__Lintentry                    intentry     0004
__Lmaintext                    maintext     0000
__Lpowerup                     powerup      0000
__Lram                         ram          0000
__Lreset_vec                   reset_vec    0000
__Lsfr0                        sfr0         0000
__Lsfr1                        sfr1         0000
__Lsfr2                        sfr2         0000
__Lsfr3                        sfr3         0000
__Lspace_0                     (abs)        0000
__Lspace_1                     (abs)        0000
__Lspace_2                     (abs)        0000
__Lspace_3                     (abs)        0000
__Lspace_4                     (abs)        0000
__Lstack                       stack        0000
__Lstrings                     strings      0000
__Ltext                        text         0000
__S0                           (abs)        1000
__S1                           (abs)        00B0
__S3                           (abs)        0000
___awdiv                       text10       0E20
___awdiv@counter               cstackBANK0  0052
___awdiv@dividend              cstackBANK0  004F
___awdiv@divisor               cstackBANK0  004D
___awdiv@quotient              cstackBANK0  0054
___awdiv@sign                  cstackBANK0  0053
___awmod                       text9        0DC5
___awmod@counter               cstackBANK0  0048
___awmod@dividend              cstackBANK0  0045
___awmod@divisor               cstackBANK0  0043
___awmod@sign                  cstackBANK0  0049
___bmul                        text8        0D82
___bmul@multiplicand           cstackBANK0  0043
___bmul@multiplier             cstackBANK0  0046
___bmul@product                cstackBANK0  0045
___int_sp                      stack        0000
___latbits                     (abs)        0002
___sp                          stack        0000
___stackhi                     (abs)        0000
___stacklo                     (abs)        0000
__end_of_GenerateRandomNumber  text17       0D82
__end_of_ISR                   text18       0706
__end_of_KeyPadReader          text16       1000
__end_of_RS485_RxEnable        text13       0D2D
__end_of_RS485_TxEnable        text12       0D32
__end_of_Timer0_Init           text15       07FF
__end_of_UART_Init             text14       0D56
__end_of_UART_Read1            text3        052A
__end_of_UART_Read2            text2        0625
__end_of_UART_Write            text11       0D44
__end_of___awdiv               text10       0E89
__end_of___awmod               text9        0E20
__end_of___bmul                text8        0D99
__end_of__initialization       cinit        003A
__end_of__stringtab            strings      0716
__end_of_colMask               strings      0729
__end_of_initLCD               text1        0EF7
__end_of_intToString           text6        0F73
__end_of_keys                  strings      0722
__end_of_lcdPrint              text4        07F0
__end_of_lcdSend               text5        0D6B
__end_of_main                  maintext     0344
__end_of_potenza               text7        0DC5
__end_of_rowMask               strings      0726
__initialization               cinit        0013
__pbitbssCOMMON                bitbssCOMMON 03C0
__pbssBANK0                    bssBANK0     0020
__pbssBANK1                    bssBANK1     00A0
__pbssCOMMON                   bssCOMMON    0075
__pcstackBANK0                 cstackBANK0  0043
__pcstackCOMMON                cstackCOMMON 0070
__pdataBANK0                   dataBANK0    0063
__pdataCOMMON                  dataCOMMON   0079
__pidataBANK0                  idataBANK0   0D26
__pidataCOMMON                 idataCOMMON  07FF
__pintentry                    intentry     0004
__pmaintext                    maintext     003E
__pstrings                     strings      0706
__ptext1                       text1        0E89
__ptext10                      text10       0E20
__ptext11                      text11       0D3A
__ptext12                      text12       0D2D
__ptext13                      text13       0D28
__ptext14                      text14       0D44
__ptext15                      text15       07F0
__ptext16                      text16       0F73
__ptext17                      text17       0D6B
__ptext18                      text18       0625
__ptext2                       text2        052A
__ptext3                       text3        0344
__ptext4                       text4        07A8
__ptext5                       text5        0D56
__ptext6                       text6        0EF7
__ptext7                       text7        0D99
__ptext8                       text8        0D82
__ptext9                       text9        0DC5
__stringbase                   strings      0715
__stringtab                    strings      0706
_codice                        bssBANK0     0026
_colMask                       strings      0726
_colScan                       bssCOMMON    0077
_countdown                     dataCOMMON   0079
_flag                          bssBANK0     0030
_initLCD                       text1        0E89
_intToString                   text6        0EF7
_keypressed                    bssBANK0     003A
_keys                          strings      0716
_lcdPrint                      text4        07A8
_lcdSend                       text5        0D56
_main                          maintext     003E
_num1                          bssBANK0     003F
_num2                          bssBANK0     003E
_num3                          bssBANK0     003D
_num4                          bssBANK0     003C
_num5                          bssBANK0     003B
_old_btn                       bitbssCOMMON 03C0
_old_stato                     bssBANK0     0038
_potenza                       text7        0D99
_print_countdown               bssBANK0     0040
_rowMask                       strings      0722
_rowScan                       bssCOMMON    0076
_stato                         bssCOMMON    0075
_type                          bssBANK0     0034
btemp                          (abs)        007E
clear_ram0                     clrtext      0D32
end_of_initialization          cinit        003A
intToString@cifre              cstackBANK0  005D
intToString@i                  cstackBANK0  005E
intToString@n                  cstackBANK0  0056
intToString@str                cstackBANK0  0058
intToString@t                  cstackBANK0  005C
interrupt_function             intentry     0004
intlevel0                      functab      0000
intlevel1                      functab      0000
intlevel2                      functab      0000
intlevel3                      functab      0000
intlevel4                      functab      0000
intlevel5                      functab      0000
lcdPrint@n                     cstackBANK0  004A
lcdPrint@str                   cstackBANK0  0045
lcdSend@dato                   cstackBANK0  0044
lcdSend@tipo                   cstackBANK0  0043
potenza@b                      cstackBANK0  0049
potenza@e                      cstackBANK0  0047
potenza@i                      cstackBANK0  004A
potenza@n                      cstackBANK0  004C
reset_vec                      reset_vec    0000
saved_w                        (abs)        007E
start                          init         0010
start_initialization           cinit        0013
wtemp0                         (abs)        007E


MODULE INFORMATION

Module		Function		Class		Link	Load	Size
C:\Program Files\Microchip\xc8\v2.40\pic\sources\c90\common\Umul8.c
		___bmul        		CODE           	0D82	0000	23

C:\Program Files\Microchip\xc8\v2.40\pic\sources\c90\common\Umul8.c estimated size: 23

C:\Program Files\Microchip\xc8\v2.40\pic\sources\c90\common\awdiv.c
		___awdiv       		CODE           	0E20	0000	105

C:\Program Files\Microchip\xc8\v2.40\pic\sources\c90\common\awdiv.c estimated size: 105

shared
		__stringtab    		STRING         	0706	0000	16
		_rowMask       		STRING         	0722	0000	4
		_keys          		STRING         	0716	0000	12
		__initialization		CODE           	0013	0000	39
		_colMask       		STRING         	0726	0000	3

shared estimated size: 74

C:\Program Files\Microchip\xc8\v2.40\pic\sources\c90\common\awmod.c
		___awmod       		CODE           	0DC5	0000	91

C:\Program Files\Microchip\xc8\v2.40\pic\sources\c90\common\awmod.c estimated size: 91

main.c
		_Timer0_Init   		CODE           	07F0	0000	15
		_ISR           		CODE           	0625	0000	225
		_UART_Read1    		CODE           	0344	0000	486
		_UART_Read2    		CODE           	052A	0000	251
		_intToString   		CODE           	0EF7	0000	124
		_UART_Init     		CODE           	0D44	0000	18
		_RS485_RxEnable		CODE           	0D28	0000	5
		_main          		CODE           	003E	0000	774
		_RS485_TxEnable		CODE           	0D2D	0000	5
		_KeyPadReader  		CODE           	0F73	0000	141
		_GenerateRandomNumber		CODE           	0D6B	0000	23
		_lcdSend       		CODE           	0D56	0000	21
		_UART_Write    		CODE           	0D3A	0000	10
		_lcdPrint      		CODE           	07A8	0000	72
		_potenza       		CODE           	0D99	0000	44
		_initLCD       		CODE           	0E89	0000	110

main.c estimated size: 2324

