Microchip MPLAB XC8 Compiler V2.40

Linker command line:

-W-3 \
  --edf=C:/Users/GForlan/.mchp_packs/Microchip/PIC16Fxxx_DFP/1.4.149/xc8\pic\dat\20230322214319_en.msgs \
  -cn -h+dist/default/production\pic_sim_debug.X.production.sym \
  --cmf=dist/default/production\pic_sim_debug.X.production.cmf -z -Q16F877A \
  -oC:\Users\GForlan\AppData\Local\Temp\xcAs47k.4 --defsym=__MPLAB_BUILD=1 \
  --fixupoverflow=error \
  -Mdist/default/production/pic_sim_debug.X.production.map \
  --md=C:\Users\GForlan\AppData\Local\Temp\xcAs47k.dat -E1 \
  -ver=XC8 Compiler --acfsm=1493 -ACODE=00h-07FFhx4 -ASTRCODE=00h-01FFFh \
  -ASTRING=00h-0FFhx32 -ACONST=00h-0FFhx32 -AENTRY=00h-0FFhx32 \
  -ACOMMON=070h-07Fh -ABANK0=020h-06Fh -ABANK1=0A0h-0EFh \
  -ABANK2=0110h-016Fh -ABANK3=0190h-01EFh \
  -ARAM=020h-06Fh,0A0h-0EFh,0110h-016Fh,0190h-01EFh \
  -AABS1=020h-07Fh,0A0h-0EFh,0110h-016Fh,0190h-01EFh -ASFR0=00h-01Fh \
  -ASFR1=080h-09Fh -ASFR2=0100h-010Fh -ASFR3=0180h-018Fh \
  -ACONFIG=02007h-02007h -DCONFIG=2 -AIDLOC=02000h-02003h -DIDLOC=2 \
  -AEEDATA=00h-0FFh/02100h -peeprom_data=EEDATA -DEEDATA=2 -DCODE=2 \
  -DSTRCODE=2 -DSTRING=2 -DCONST=2 -DENTRY=2 \
  -preset_vec=00h,intentry=04h,init,end_init -ppowerup=CODE -pcinit=CODE \
  -pfunctab=ENTRY -k C:\Users\GForlan\AppData\Local\Temp\xcAs47k.o \
  dist/default/production\pic_sim_debug.X.production.o 

Object code version is 3.11

Machine type is 16F877A



                Name                               Link     Load   Length Selector   Space Scale
C:\Users\GForlan\AppData\Local\Temp\xcAs47k.o
                end_init                             10       10        3        8       0
                reset_vec                             0        0        3        0       0
                config                             2007     2007        1        0       4
                idloc                              2000     2000        4        0       5
dist/default/production\pic_sim_debug.X.production.o
                cinit                                13       13       25        8       0
                intentry                              4        4        C        8       0
                config                             2007     2007        1        0       4
                idloc                              2000     2000        4        0       5
                text18                              6BE      6BE       E1        8       0
                text17                              D7E      D7E       17     1AFC       0
                text16                              F73      F73       8D     1EE6       0
                text15                              D48      D48        F     1A90       0
                text14                              D57      D57       12     1AAE       0
                text13                              D31      D31        5     1A62       0
                text12                              7FA      7FA        5        8       0
                text11                              D3E      D3E        A     1A7C       0
                text10                              E20      E20       69     1C40       0
                text9                               79F      79F       5B        8       0
                text8                               D95      D95       17     1B2A       0
                text7                               DAC      DAC       2C     1B58       0
                text6                               EF7      EF7       7C     1DEE       0
                text5                               D69      D69       15     1AD2       0
                text4                               DD8      DD8       48     1BB0       0
                text3                               332      332      208        8       0
                text2                               53A      53A      184        8       0
                text1                               E89      E89       6E     1D12       0
                maintext                             38       38      2FA        8       0
                cstackBANK0                          48       48       20       20       1
                cstackCOMMON                         70       70        5       70       1
                clrtext                             D36      D36        8     1A6C       0
                bssBANK1                             A0       A0       10       A0       1
                dataBANK0                            68       68        1       20       1
                bssBANK0                             20       20       28       20       1
                dataCOMMON                           79       79        1       70       1
                bssCOMMON                            75       75        3       70       1
                bitbssCOMMON                        3C0       78        1       70       1     8
                strings                             800      800       97     1000       0
                idataBANK0                            3        3        1        0       0
                idataCOMMON                         7FF      7FF        1        8       0

TOTAL           Name                               Link     Load   Length     Space
        CLASS   CODE           
                end_init                             10       10        3         0
                cinit                                13       13       25         0
                intentry                              4        4        C         0
                reset_vec                             0        0        3         0
                text18                              6BE      6BE       E1         0
                text17                              D7E      D7E       17         0
                text16                              F73      F73       8D         0
                text15                              D48      D48        F         0
                text14                              D57      D57       12         0
                text13                              D31      D31        5         0
                text12                              7FA      7FA        5         0
                text11                              D3E      D3E        A         0
                text10                              E20      E20       69         0
                text9                               79F      79F       5B         0
                text8                               D95      D95       17         0
                text7                               DAC      DAC       2C         0
                text6                               EF7      EF7       7C         0
                text5                               D69      D69       15         0
                text4                               DD8      DD8       48         0
                text3                               332      332      208         0
                text2                               53A      53A      184         0
                text1                               E89      E89       6E         0
                maintext                             38       38      2FA         0
                clrtext                             D36      D36        8         0
                idataBANK0                            3        3        1         0
                idataCOMMON                         7FF      7FF        1         0

        CLASS   STRCODE        

        CLASS   STRING         
                strings                             800      800       97         0

        CLASS   CONST          

        CLASS   ENTRY          

        CLASS   COMMON         
                cstackCOMMON                         70       70        5         1
                dataCOMMON                           79       79        1         1
                bssCOMMON                            75       75        3         1
                bitbssCOMMON                        3C0       78        1         1

        CLASS   BANK0          
                cstackBANK0                          48       48       20         1
                dataBANK0                            68       68        1         1
                bssBANK0                             20       20       28         1

        CLASS   BANK1          
                bssBANK1                             A0       A0       10         1

        CLASS   BANK2          

        CLASS   BANK3          

        CLASS   RAM            

        CLASS   ABS1           
                abs_s1                               7E       7E        2         1

        CLASS   SFR0           

        CLASS   SFR1           

        CLASS   SFR2           

        CLASS   SFR3           

        CLASS   CONFIG         
                config                             2007     2007        1         4

        CLASS   IDLOC          
                idloc                              2000     2000        4         5

        CLASS   EEDATA         

        CLASS   STACK          



SEGMENTS        Name                           Load    Length   Top    Selector   Space  Class     Delta

                reset_vec                      000000  000004  000004         0       0  CODE        2
                intentry                       000004  0007FC  000800         8       0  CODE        2
                bssBANK0                       000020  000049  000069        20       1  BANK0       1
                cstackCOMMON                   000070  00000A  00007A        70       1  COMMON      1
                bssBANK1                       0000A0  000010  0000B0        A0       1  BANK1       1
                strings                        000800  000097  000897      1000       0  STRING      2
                text13                         000D31  000005  000D36      1A62       0  CODE        2
                clrtext                        000D36  000008  000D3E      1A6C       0  CODE        2
                text11                         000D3E  00000A  000D48      1A7C       0  CODE        2
                text15                         000D48  00000F  000D57      1A90       0  CODE        2
                text14                         000D57  000012  000D69      1AAE       0  CODE        2
                text5                          000D69  000015  000D7E      1AD2       0  CODE        2
                text17                         000D7E  000017  000D95      1AFC       0  CODE        2
                text8                          000D95  000017  000DAC      1B2A       0  CODE        2
                text7                          000DAC  00002C  000DD8      1B58       0  CODE        2
                text4                          000DD8  000048  000E20      1BB0       0  CODE        2
                text10                         000E20  000069  000E89      1C40       0  CODE        2
                text1                          000E89  00006E  000EF7      1D12       0  CODE        2
                text6                          000EF7  00007C  000F73      1DEE       0  CODE        2
                text16                         000F73  00008D  001000      1EE6       0  CODE        2


UNUSED ADDRESS RANGES

        Name                Unused          Largest block    Delta
        BANK0            0069-006F              7           1
        BANK1            00B0-00EF             40           1
        BANK2            0110-016F             60           1
        BANK3            0190-01EF             60           1
        CODE             0897-0D30            49A           2
                         1000-1FFF            800
        COMMON           007A-007D              4           1
        CONST            0897-0D30            100           2
                         1000-1FFF            100
        EEDATA           2100-21FF            100           2
        ENTRY            0897-0D30            100           2
                         1000-1FFF            100
        RAM              0069-006F              7           1
                         00B0-00EF             40
                         0110-016F             60
                         0190-01EF             60
        SFR0             0000-001F             20           1
        SFR1             0080-009F             20           1
        SFR2             0100-010F             10           1
        SFR3             0180-018F             10           1
        STRCODE          0897-0D30            49A           2
                         1000-1FFF           1000
        STRING           0897-0D30            100           2
                         1000-1FFF            100

                                  Symbol Table

?___awdiv                      cstackBANK0  0052
?___awmod                      cstackBANK0  0048
GenerateRandomNumber@count     cstackBANK0  0049
GenerateRandomNumber@randomNum cstackBANK0  0048
UART_Read1@count               cstackBANK0  0067
UART_Write@data                cstackBANK0  0048
_BRGH                          (abs)        04C2
_CREN                          (abs)        00C4
_GIE                           (abs)        005F
_GenerateRandomNumber          text17       0D7E
_ISR                           text18       06BE
_KeyPadReader                  text16       0F73
_PORTB                         (abs)        0006
_PORTD                         (abs)        0008
_PORTEbits                     (abs)        0009
_PS0                           (abs)        0408
_PS1                           (abs)        0409
_PS2                           (abs)        040A
_PSA                           (abs)        040B
_RC0                           (abs)        0038
_RC1                           (abs)        0039
_RCIF                          (abs)        0065
_RCREG                         (abs)        001A
_RS485_RxEnable                text13       0D31
_RS485_TxEnable                text12       07FA
_SPBRG                         (abs)        0099
_SPEN                          (abs)        00C7
_SYNC                          (abs)        04C4
_T0CS                          (abs)        040D
_TMR0                          (abs)        0001
_TMR0IE                        (abs)        005D
_TMR0IF                        (abs)        005A
_TRISA                         (abs)        0085
_TRISB                         (abs)        0086
_TRISC                         (abs)        0087
_TRISC6                        (abs)        043E
_TRISC7                        (abs)        043F
_TRISD                         (abs)        0088
_TRISE                         (abs)        0089
_TRISEbits                     (abs)        0089
_TXEN                          (abs)        04C5
_TXIF                          (abs)        0064
_TXREG                         (abs)        0019
_Timer0_Init                   text15       0D48
_UART_Init                     text14       0D57
_UART_Read1                    text3        0332
_UART_Read2                    text2        053A
_UART_Write                    text11       0D3E
__Habs1                        abs1         0000
__Hbank0                       bank0        0000
__Hbank1                       bank1        0000
__Hbank2                       bank2        0000
__Hbank3                       bank3        0000
__HbitbssCOMMON                bitbssCOMMON 0000
__HbssBANK0                    bssBANK0     0000
__HbssBANK1                    bssBANK1     0000
__HbssCOMMON                   bssCOMMON    0000
__Hcinit                       cinit        0038
__Hclrtext                     clrtext      0000
__Hcode                        code         0000
__Hcommon                      common       0000
__Hconfig                      config       2008
__HcstackBANK0                 cstackBANK0  0000
__HcstackCOMMON                cstackCOMMON 0000
__HdataBANK0                   dataBANK0    0000
__HdataCOMMON                  dataCOMMON   0000
__Heeprom_data                 eeprom_data  0000
__Hend_init                    end_init     0013
__Hfunctab                     functab      0000
__HidataBANK0                  idataBANK0   0000
__HidataCOMMON                 idataCOMMON  0000
__Hidloc                       idloc        2004
__Hinit                        init         0010
__Hintentry                    intentry     0010
__Hmaintext                    maintext     0000
__Hpowerup                     powerup      0000
__Hram                         ram          0000
__Hreset_vec                   reset_vec    0003
__Hsfr0                        sfr0         0000
__Hsfr1                        sfr1         0000
__Hsfr2                        sfr2         0000
__Hsfr3                        sfr3         0000
__Hspace_0                     (abs)        1000
__Hspace_1                     (abs)        03C1
__Hspace_2                     (abs)        0000
__Hspace_3                     (abs)        0000
__Hspace_4                     (abs)        400F
__Hstack                       stack        0000
__Hstrings                     strings      0000
__Htext                        text         0000
__Labs1                        abs1         0000
__Lbank0                       bank0        0000
__Lbank1                       bank1        0000
__Lbank2                       bank2        0000
__Lbank3                       bank3        0000
__LbitbssCOMMON                bitbssCOMMON 0000
__LbssBANK0                    bssBANK0     0000
__LbssBANK1                    bssBANK1     0000
__LbssCOMMON                   bssCOMMON    0000
__Lcinit                       cinit        0013
__Lclrtext                     clrtext      0000
__Lcode                        code         0000
__Lcommon                      common       0000
__Lconfig                      config       0000
__LcstackBANK0                 cstackBANK0  0000
__LcstackCOMMON                cstackCOMMON 0000
__LdataBANK0                   dataBANK0    0000
__LdataCOMMON                  dataCOMMON   0000
__Leeprom_data                 eeprom_data  0000
__Lend_init                    end_init     0010
__Lfunctab                     functab      0000
__LidataBANK0                  idataBANK0   0000
__LidataCOMMON                 idataCOMMON  0000
__Lidloc                       idloc        0000
__Linit                        init         0010
__Lintentry                    intentry     0004
__Lmaintext                    maintext     0000
__Lpowerup                     powerup      0000
__Lram                         ram          0000
__Lreset_vec                   reset_vec    0000
__Lsfr0                        sfr0         0000
__Lsfr1                        sfr1         0000
__Lsfr2                        sfr2         0000
__Lsfr3                        sfr3         0000
__Lspace_0                     (abs)        0000
__Lspace_1                     (abs)        0000
__Lspace_2                     (abs)        0000
__Lspace_3                     (abs)        0000
__Lspace_4                     (abs)        0000
__Lstack                       stack        0000
__Lstrings                     strings      0000
__Ltext                        text         0000
__S0                           (abs)        1000
__S1                           (abs)        00B0
__S3                           (abs)        0000
___awdiv                       text10       0E20
___awdiv@counter               cstackBANK0  0057
___awdiv@dividend              cstackBANK0  0054
___awdiv@divisor               cstackBANK0  0052
___awdiv@quotient              cstackBANK0  0059
___awdiv@sign                  cstackBANK0  0058
___awmod                       text9        079F
___awmod@counter               cstackBANK0  004D
___awmod@dividend              cstackBANK0  004A
___awmod@divisor               cstackBANK0  0048
___awmod@sign                  cstackBANK0  004E
___bmul                        text8        0D95
___bmul@multiplicand           cstackBANK0  0048
___bmul@multiplier             cstackBANK0  004B
___bmul@product                cstackBANK0  004A
___int_sp                      stack        0000
___latbits                     (abs)        0002
___sp                          stack        0000
___stackhi                     (abs)        0000
___stacklo                     (abs)        0000
__end_of_GenerateRandomNumber  text17       0D95
__end_of_ISR                   text18       079F
__end_of_KeyPadReader          text16       1000
__end_of_RS485_RxEnable        text13       0D36
__end_of_RS485_TxEnable        text12       07FF
__end_of_Timer0_Init           text15       0D57
__end_of_UART_Init             text14       0D69
__end_of_UART_Read1            text3        053A
__end_of_UART_Read2            text2        06BE
__end_of_UART_Write            text11       0D48
__end_of___awdiv               text10       0E89
__end_of___awmod               text9        07FA
__end_of___bmul                text8        0DAC
__end_of__initialization       cinit        0034
__end_of__stringtab            strings      0810
__end_of_colMask               strings      0823
__end_of_initLCD               text1        0EF7
__end_of_intToString           text6        0F73
__end_of_keys                  strings      081C
__end_of_lcdPrint              text4        0E20
__end_of_lcdSend               text5        0D7E
__end_of_main                  maintext     0332
__end_of_potenza               text7        0DD8
__end_of_rowMask               strings      0820
__initialization               cinit        0013
__pbitbssCOMMON                bitbssCOMMON 03C0
__pbssBANK0                    bssBANK0     0020
__pbssBANK1                    bssBANK1     00A0
__pbssCOMMON                   bssCOMMON    0075
__pcstackBANK0                 cstackBANK0  0048
__pcstackCOMMON                cstackCOMMON 0070
__pdataBANK0                   dataBANK0    0068
__pdataCOMMON                  dataCOMMON   0079
__pidataBANK0                  idataBANK0   0003
__pidataCOMMON                 idataCOMMON  07FF
__pintentry                    intentry     0004
__pmaintext                    maintext     0038
__pstrings                     strings      0800
__ptext1                       text1        0E89
__ptext10                      text10       0E20
__ptext11                      text11       0D3E
__ptext12                      text12       07FA
__ptext13                      text13       0D31
__ptext14                      text14       0D57
__ptext15                      text15       0D48
__ptext16                      text16       0F73
__ptext17                      text17       0D7E
__ptext18                      text18       06BE
__ptext2                       text2        053A
__ptext3                       text3        0332
__ptext4                       text4        0DD8
__ptext5                       text5        0D69
__ptext6                       text6        0EF7
__ptext7                       text7        0DAC
__ptext8                       text8        0D95
__ptext9                       text9        079F
__stringbase                   strings      080F
__stringtab                    strings      0800
_codice                        bssBANK0     0026
_colMask                       strings      0820
_colScan                       bssCOMMON    0077
_countdown                     dataCOMMON   0079
_flag                          bssBANK0     0030
_initLCD                       text1        0E89
_intToString                   text6        0EF7
_keypressed                    bssBANK0     003A
_keys                          strings      0810
_lcdPrint                      text4        0DD8
_lcdSend                       text5        0D69
_main                          maintext     0038
_num1                          bssBANK0     0044
_num2                          bssBANK0     0043
_num21                         bssBANK0     003F
_num22                         bssBANK0     003E
_num23                         bssBANK0     003D
_num24                         bssBANK0     003C
_num25                         bssBANK0     003B
_num3                          bssBANK0     0042
_num4                          bssBANK0     0041
_num5                          bssBANK0     0040
_old_btn                       bitbssCOMMON 03C0
_old_stato                     bssBANK0     0038
_potenza                       text7        0DAC
_print_countdown               bssBANK0     0045
_rowMask                       strings      081C
_rowScan                       bssCOMMON    0076
_stato                         bssCOMMON    0075
_type                          bssBANK0     0034
btemp                          (abs)        007E
clear_ram0                     clrtext      0D36
end_of_initialization          cinit        0034
intToString@cifre              cstackBANK0  0062
intToString@i                  cstackBANK0  0063
intToString@n                  cstackBANK0  005B
intToString@str                cstackBANK0  005D
intToString@t                  cstackBANK0  0061
interrupt_function             intentry     0004
intlevel0                      functab      0000
intlevel1                      functab      0000
intlevel2                      functab      0000
intlevel3                      functab      0000
intlevel4                      functab      0000
intlevel5                      functab      0000
lcdPrint@n                     cstackBANK0  004F
lcdPrint@str                   cstackBANK0  004A
lcdSend@dato                   cstackBANK0  0049
lcdSend@tipo                   cstackBANK0  0048
potenza@b                      cstackBANK0  004E
potenza@e                      cstackBANK0  004C
potenza@i                      cstackBANK0  004F
potenza@n                      cstackBANK0  0051
reset_vec                      reset_vec    0000
saved_w                        (abs)        007E
start                          init         0010
start_initialization           cinit        0013
wtemp0                         (abs)        007E


MODULE INFORMATION

Module		Function		Class		Link	Load	Size
C:\Program Files\Microchip\xc8\v2.40\pic\sources\c90\common\Umul8.c
		___bmul        		CODE           	0D95	0000	23

C:\Program Files\Microchip\xc8\v2.40\pic\sources\c90\common\Umul8.c estimated size: 23

C:\Program Files\Microchip\xc8\v2.40\pic\sources\c90\common\awdiv.c
		___awdiv       		CODE           	0E20	0000	105

C:\Program Files\Microchip\xc8\v2.40\pic\sources\c90\common\awdiv.c estimated size: 105

shared
		__stringtab    		STRING         	0800	0000	16
		_rowMask       		STRING         	081C	0000	4
		_keys          		STRING         	0810	0000	12
		__initialization		CODE           	0013	0000	33
		_colMask       		STRING         	0820	0000	3

shared estimated size: 68

C:\Program Files\Microchip\xc8\v2.40\pic\sources\c90\common\awmod.c
		___awmod       		CODE           	079F	0000	91

C:\Program Files\Microchip\xc8\v2.40\pic\sources\c90\common\awmod.c estimated size: 91

main.c
		_Timer0_Init   		CODE           	0D48	0000	15
		_ISR           		CODE           	06BE	0000	225
		_UART_Read1    		CODE           	0332	0000	520
		_UART_Read2    		CODE           	053A	0000	388
		_intToString   		CODE           	0EF7	0000	124
		_UART_Init     		CODE           	0D57	0000	18
		_RS485_RxEnable		CODE           	0D31	0000	5
		_main          		CODE           	0038	0000	762
		_RS485_TxEnable		CODE           	07FA	0000	5
		_KeyPadReader  		CODE           	0F73	0000	141
		_GenerateRandomNumber		CODE           	0D7E	0000	23
		_lcdSend       		CODE           	0D69	0000	21
		_UART_Write    		CODE           	0D3E	0000	10
		_lcdPrint      		CODE           	0DD8	0000	72
		_potenza       		CODE           	0DAC	0000	44
		_initLCD       		CODE           	0E89	0000	110

main.c estimated size: 2483

