Microchip MPLAB XC8 Compiler V2.40

Linker command line:

-W-3 \
  --edf=C:\Program Files\Microchip\xc8\v2.40\pic\dat\20220703182018_en.msgs \
  -cn -h+dist/default/production\pic_serial_7segm_2.production.sym \
  --cmf=dist/default/production\pic_serial_7segm_2.production.cmf -z \
  -Q16F877A -oC:\Users\GForlan\AppData\Local\Temp\xcAs46k.6 \
  --defsym=__MPLAB_BUILD=1 --fixupoverflow=error \
  -Mdist/default/production/pic_serial_7segm_2.production.map \
  --md=C:\Users\GForlan\AppData\Local\Temp\xcBs46k.dat -E1 \
  -ver=XC8 Compiler --acfsm=1493 -ACODE=00h-07FFhx4 -ASTRCODE=00h-01FFFh \
  -ASTRING=00h-0FFhx32 -ACONST=00h-0FFhx32 -AENTRY=00h-0FFhx32 \
  -ACOMMON=070h-07Fh -ABANK0=020h-06Fh -ABANK1=0A0h-0EFh \
  -ABANK2=0110h-016Fh -ABANK3=0190h-01EFh \
  -ARAM=020h-06Fh,0A0h-0EFh,0110h-016Fh,0190h-01EFh \
  -AABS1=020h-07Fh,0A0h-0EFh,0110h-016Fh,0190h-01EFh -ASFR0=00h-01Fh \
  -ASFR1=080h-09Fh -ASFR2=0100h-010Fh -ASFR3=0180h-018Fh \
  -ACONFIG=02007h-02007h -DCONFIG=2 -AIDLOC=02000h-02003h -DIDLOC=2 \
  -AEEDATA=00h-0FFh/02100h -peeprom_data=EEDATA -DEEDATA=2 -DCODE=2 \
  -DSTRCODE=2 -DSTRING=2 -DCONST=2 -DENTRY=2 \
  -preset_vec=00h,intentry,init,end_init -ppowerup=CODE -pcinit=CODE \
  -pfunctab=ENTRY -k C:\Users\GForlan\AppData\Local\Temp\xcAs46k.o \
  dist/default/production\pic_serial_7segm_2.production.o 

Object code version is 3.11

Machine type is 16F877A



                Name                               Link     Load   Length Selector   Space Scale
C:\Users\GForlan\AppData\Local\Temp\xcAs46k.o
                end_init                              0        0        3        0       0
                config                             2007     2007        1        0       4
                idloc                              2000     2000        4        0       5
dist/default/production\pic_serial_7segm_2.production.o
                cinit                               7CA      7CA       36      F94       0
                config                             2007     2007        1        0       4
                idloc                              2000     2000        4        0       5
                text16                               C0       C0        B      180       0
                text15                              2D4      2D4       85      5A8       0
                text14                               9F       9F        5      13E       0
                text13                               A4       A4        5      148       0
                text12                               CB       CB        D      196       0
                text11                               D8       D8       12      1B0       0
                text10                              26B      26B       69      4D6       0
                text9                               1B8      1B8       59      370       0
                text8                                EA       EA       25      1D4       0
                text7                               138      138       3C      270       0
                text6                               359      359       85      6B2       0
                text5                               10F      10F       29      21E       0
                text4                               174      174       44      2E8       0
                text3                               3DE      3DE       8A      7BC       0
                text2                                B6       B6        A      16C       0
                text1                               211      211       5A      422       0
                maintext                            468      468      362      8D0       0
                cstackBANK0                          40       40       1B       20       1
                cstackCOMMON                         70       70        C       70       1
                clrtext                              AE       AE        8      15C       0
                bssBANK1                             A0       A0       10       A0       1
                dataBANK0                            5B       5B        5       20       1
                bssBANK0                             20       20       20       20       1
                bitbssBANK0                         300       60        1       20       1     8
                bssCOMMON                            7C       7C        2       70       1
                strings                               3        3       7F        6       0
                idataBANK0                           A9       A9        5      152       0

TOTAL           Name                               Link     Load   Length     Space
        CLASS   CODE           
                end_init                              0        0        3         0
                cinit                               7CA      7CA       36         0
                text16                               C0       C0        B         0
                text15                              2D4      2D4       85         0
                text14                               9F       9F        5         0
                text13                               A4       A4        5         0
                text12                               CB       CB        D         0
                text11                               D8       D8       12         0
                text10                              26B      26B       69         0
                text9                               1B8      1B8       59         0
                text8                                EA       EA       25         0
                text7                               138      138       3C         0
                text6                               359      359       85         0
                text5                               10F      10F       29         0
                text4                               174      174       44         0
                text3                               3DE      3DE       8A         0
                text2                                B6       B6        A         0
                text1                               211      211       5A         0
                maintext                            468      468      362         0
                clrtext                              AE       AE        8         0
                idataBANK0                           A9       A9        5         0

        CLASS   STRCODE        

        CLASS   STRING         
                strings                               3        3       7F         0

        CLASS   CONST          

        CLASS   ENTRY          

        CLASS   COMMON         
                cstackCOMMON                         70       70        C         1
                bssCOMMON                            7C       7C        2         1

        CLASS   BANK0          
                cstackBANK0                          40       40       1B         1
                dataBANK0                            5B       5B        5         1
                bssBANK0                             20       20       20         1
                bitbssBANK0                         300       60        1         1

        CLASS   BANK1          
                bssBANK1                             A0       A0       10         1

        CLASS   BANK2          

        CLASS   BANK3          

        CLASS   RAM            

        CLASS   ABS1           
                abs_s1                               7E       7E        2         1

        CLASS   SFR0           

        CLASS   SFR1           

        CLASS   SFR2           

        CLASS   SFR3           

        CLASS   CONFIG         
                config                             2007     2007        1         4

        CLASS   IDLOC          
                idloc                              2000     2000        4         5

        CLASS   EEDATA         

        CLASS   STACK          



SEGMENTS        Name                           Load    Length   Top    Selector   Space  Class     Delta

                reset_vec                      000000  000003  000003         0       0  CODE        2
                strings                        000003  00007F  000082         6       0  STRING      2
                bssBANK0                       000020  000041  000061        20       1  BANK0       1
                cstackCOMMON                   000070  00000E  00007E        70       1  COMMON      1
                bssBANK1                       0000A0  000010  0000B0        A0       1  BANK1       1
                text14                         00009F  000005  0000A4       13E       0  CODE        2
                text13                         0000A4  000005  0000A9       148       0  CODE        2
                idataBANK0                     0000A9  000005  0000AE       152       0  CODE        2
                clrtext                        0000AE  000008  0000B6       15C       0  CODE        2
                text2                          0000B6  00000A  0000C0       16C       0  CODE        2
                text16                         0000C0  00000B  0000CB       180       0  CODE        2
                text12                         0000CB  00000D  0000D8       196       0  CODE        2
                text11                         0000D8  000012  0000EA       1B0       0  CODE        2
                text8                          0000EA  000025  00010F       1D4       0  CODE        2
                text5                          00010F  000029  000138       21E       0  CODE        2
                text7                          000138  00003C  000174       270       0  CODE        2
                text4                          000174  000044  0001B8       2E8       0  CODE        2
                text9                          0001B8  000059  000211       370       0  CODE        2
                text1                          000211  00005A  00026B       422       0  CODE        2
                text10                         00026B  000069  0002D4       4D6       0  CODE        2
                text15                         0002D4  000085  000359       5A8       0  CODE        2
                text6                          000359  000085  0003DE       6B2       0  CODE        2
                text3                          0003DE  00008A  000468       7BC       0  CODE        2
                maintext                       000468  000362  0007CA       8D0       0  CODE        2
                cinit                          0007CA  000036  000800       F94       0  CODE        2


UNUSED ADDRESS RANGES

        Name                Unused          Largest block    Delta
        BANK0            0061-006F              F           1
        BANK1            00B0-00EF             40           1
        BANK2            0110-016F             60           1
        BANK3            0190-01EF             60           1
        CODE             0082-009E             1D           2
                         0800-1FFF            800
        CONST            0082-009E             1D           2
                         0800-1FFF            100
        EEDATA           2100-21FF            100           2
        ENTRY            0082-009E             1D           2
                         0800-1FFF            100
        RAM              0061-006F              F           1
                         00B0-00EF             40
                         0110-016F             60
                         0190-01EF             60
        SFR0             0000-001F             20           1
        SFR1             0080-009F             20           1
        SFR2             0100-010F             10           1
        SFR3             0180-018F             10           1
        STRCODE          0082-009E             1D           2
                         0800-1FFF           1800
        STRING           0082-009E             1D           2
                         0800-1FFF            100

                                  Symbol Table

?___awdiv                      cstackBANK0  0045
?___awmod                      cstackCOMMON 0070
?___wmul                       cstackCOMMON 0070
?_potenza                      cstackCOMMON 0076
GenerateRandomNumber@randomNum cstackCOMMON 0070
UART_Write@data                cstackCOMMON 0070
_BRGH                          (abs)        04C2
_CREN                          (abs)        00C4
_GenerateRandomNumber          text16       00C0
_KeyPadReader                  text15       02D4
_PORTB                         (abs)        0006
_PORTD                         (abs)        0008
_PORTEbits                     (abs)        0009
_PS0                           (abs)        0408
_PS1                           (abs)        0409
_PS2                           (abs)        040A
_PSA                           (abs)        040B
_RC0                           (abs)        0038
_RC1                           (abs)        0039
_RCIF                          (abs)        0065
_RCREG                         (abs)        001A
_RS485_RxEnable                text14       009F
_RS485_TxEnable                text13       00A4
_SPBRG                         (abs)        0099
_SPEN                          (abs)        00C7
_SYNC                          (abs)        04C4
_T0CS                          (abs)        040D
_TMR0                          (abs)        0001
_TMR0IE                        (abs)        005D
_TMR0IF                        (abs)        005A
_TRISA                         (abs)        0085
_TRISB                         (abs)        0086
_TRISC                         (abs)        0087
_TRISC6                        (abs)        043E
_TRISC7                        (abs)        043F
_TRISD                         (abs)        0088
_TRISE                         (abs)        0089
_TRISEbits                     (abs)        0089
_TXEN                          (abs)        04C5
_TXIF                          (abs)        0064
_TXREG                         (abs)        0019
_Timer0_Init                   text12       00CB
_UART_Init                     text11       00D8
_UART_Read                     text3        03DE
_UART_Write                    text2        00B6
__Habs1                        abs1         0000
__Hbank0                       bank0        0000
__Hbank1                       bank1        0000
__Hbank2                       bank2        0000
__Hbank3                       bank3        0000
__HbitbssBANK0                 bitbssBANK0  0000
__HbssBANK0                    bssBANK0     0000
__HbssBANK1                    bssBANK1     0000
__HbssCOMMON                   bssCOMMON    0000
__Hcinit                       cinit        0800
__Hclrtext                     clrtext      0000
__Hcode                        code         0000
__Hcommon                      common       0000
__Hconfig                      config       2008
__HcstackBANK0                 cstackBANK0  0000
__HcstackCOMMON                cstackCOMMON 0000
__HdataBANK0                   dataBANK0    0000
__Heeprom_data                 eeprom_data  0000
__Hend_init                    end_init     0003
__Hfunctab                     functab      0000
__HidataBANK0                  idataBANK0   0000
__Hidloc                       idloc        2004
__Hinit                        init         0000
__Hintentry                    intentry     0000
__Hmaintext                    maintext     0000
__Hpowerup                     powerup      0000
__Hram                         ram          0000
__Hreset_vec                   reset_vec    0000
__Hsfr0                        sfr0         0000
__Hsfr1                        sfr1         0000
__Hsfr2                        sfr2         0000
__Hsfr3                        sfr3         0000
__Hspace_0                     (abs)        0800
__Hspace_1                     (abs)        0301
__Hspace_2                     (abs)        0000
__Hspace_3                     (abs)        0000
__Hspace_4                     (abs)        400F
__Hstack                       stack        0000
__Hstrings                     strings      0000
__Htext                        text         0000
__Labs1                        abs1         0000
__Lbank0                       bank0        0000
__Lbank1                       bank1        0000
__Lbank2                       bank2        0000
__Lbank3                       bank3        0000
__LbitbssBANK0                 bitbssBANK0  0000
__LbssBANK0                    bssBANK0     0000
__LbssBANK1                    bssBANK1     0000
__LbssCOMMON                   bssCOMMON    0000
__Lcinit                       cinit        07CA
__Lclrtext                     clrtext      0000
__Lcode                        code         0000
__Lcommon                      common       0000
__Lconfig                      config       0000
__LcstackBANK0                 cstackBANK0  0000
__LcstackCOMMON                cstackCOMMON 0000
__LdataBANK0                   dataBANK0    0000
__Leeprom_data                 eeprom_data  0000
__Lend_init                    end_init     0000
__Lfunctab                     functab      0000
__LidataBANK0                  idataBANK0   0000
__Lidloc                       idloc        0000
__Linit                        init         0000
__Lintentry                    intentry     0000
__Lmaintext                    maintext     0000
__Lpowerup                     powerup      0000
__Lram                         ram          0000
__Lreset_vec                   reset_vec    0000
__Lsfr0                        sfr0         0000
__Lsfr1                        sfr1         0000
__Lsfr2                        sfr2         0000
__Lsfr3                        sfr3         0000
__Lspace_0                     (abs)        0000
__Lspace_1                     (abs)        0000
__Lspace_2                     (abs)        0000
__Lspace_3                     (abs)        0000
__Lspace_4                     (abs)        0000
__Lstack                       stack        0000
__Lstrings                     strings      0000
__Ltext                        text         0000
__S0                           (abs)        0800
__S1                           (abs)        00B0
__S3                           (abs)        0000
___awdiv                       text10       026B
___awdiv@counter               cstackBANK0  0049
___awdiv@dividend              cstackBANK0  0047
___awdiv@divisor               cstackBANK0  0045
___awdiv@quotient              cstackBANK0  004B
___awdiv@sign                  cstackBANK0  004A
___awmod                       text9        01B8
___awmod@counter               cstackCOMMON 0075
___awmod@dividend              cstackCOMMON 0072
___awmod@divisor               cstackCOMMON 0070
___awmod@sign                  cstackCOMMON 0076
___int_sp                      stack        0000
___latbits                     (abs)        0002
___sp                          stack        0000
___stackhi                     (abs)        0000
___stacklo                     (abs)        0000
___wmul                        text8        00EA
___wmul@multiplicand           cstackCOMMON 0072
___wmul@multiplier             cstackCOMMON 0070
___wmul@product                cstackCOMMON 0074
__end_of_GenerateRandomNumber  text16       00CB
__end_of_KeyPadReader          text15       0359
__end_of_RS485_RxEnable        text14       00A4
__end_of_RS485_TxEnable        text13       00A9
__end_of_Timer0_Init           text12       00D8
__end_of_UART_Init             text11       00EA
__end_of_UART_Read             text3        0468
__end_of_UART_Write            text2        00C0
__end_of___awdiv               text10       02D4
__end_of___awmod               text9        0211
__end_of___wmul                text8        010F
__end_of__initialization       cinit        07FC
__end_of__stringtab            strings      0013
__end_of_colMask               strings      0026
__end_of_initLCD               text1        026B
__end_of_intToString           text6        03DE
__end_of_keys                  strings      001F
__end_of_lcdPrint              text4        01B8
__end_of_lcdSend               text5        0138
__end_of_main                  maintext     07CA
__end_of_potenza               text7        0174
__end_of_rowMask               strings      0023
__initialization               cinit        07CA
__pbitbssBANK0                 bitbssBANK0  0300
__pbssBANK0                    bssBANK0     0020
__pbssBANK1                    bssBANK1     00A0
__pbssCOMMON                   bssCOMMON    007C
__pcstackBANK0                 cstackBANK0  0040
__pcstackCOMMON                cstackCOMMON 0070
__pdataBANK0                   dataBANK0    005B
__pidataBANK0                  idataBANK0   00A9
__pmaintext                    maintext     0468
__pstrings                     strings      0003
__ptext1                       text1        0211
__ptext10                      text10       026B
__ptext11                      text11       00D8
__ptext12                      text12       00CB
__ptext13                      text13       00A4
__ptext14                      text14       009F
__ptext15                      text15       02D4
__ptext16                      text16       00C0
__ptext2                       text2        00B6
__ptext3                       text3        03DE
__ptext4                       text4        0174
__ptext5                       text5        010F
__ptext6                       text6        0359
__ptext7                       text7        0138
__ptext8                       text8        00EA
__ptext9                       text9        01B8
__stringbase                   strings      0012
__stringtab                    strings      0003
_codice                        bssBANK0     0026
_colMask                       strings      0023
_colScan                       bssBANK0     0037
_countdown                     dataBANK0    005F
_flag                          bssBANK0     002E
_initLCD                       text1        0211
_intToString                   text6        0359
_keypressed                    bssBANK0     0039
_keys                          strings      0013
_lcdPrint                      text4        0174
_lcdSend                       text5        010F
_main                          maintext     0468
_num1                          bssCOMMON    007D
_num2                          bssCOMMON    007C
_num3                          bssBANK0     003C
_num4                          bssBANK0     003B
_num5                          bssBANK0     003A
_old_btn                       bitbssBANK0  0300
_old_stato                     bssBANK0     0034
_potenza                       text7        0138
_print_countdown               bssBANK0     003D
_randx                         dataBANK0    005B
_rowMask                       strings      001F
_rowScan                       bssBANK0     0036
_stato                         bssBANK0     0035
btemp                          (abs)        007E
clear_ram0                     clrtext      00AE
end_of_initialization          cinit        07FC
intToString@cifre              cstackBANK0  0052
intToString@i                  cstackBANK0  0053
intToString@n                  cstackBANK0  004D
intToString@str                cstackBANK0  004F
intToString@t                  cstackBANK0  0050
intlevel0                      functab      0000
intlevel1                      functab      0000
intlevel2                      functab      0000
intlevel3                      functab      0000
intlevel4                      functab      0000
intlevel5                      functab      0000
lcdPrint@n                     cstackCOMMON 0079
lcdPrint@str                   cstackCOMMON 0074
lcdSend@dato                   cstackCOMMON 0073
lcdSend@tipo                   cstackCOMMON 0070
potenza@b                      cstackBANK0  0040
potenza@e                      cstackCOMMON 0076
potenza@i                      cstackBANK0  0041
potenza@n                      cstackBANK0  0043
reset_vec                      reset_vec    0000
start                          init         0000
start_initialization           cinit        07CA
wtemp0                         (abs)        007E


MODULE INFORMATION

Module		Function		Class		Link	Load	Size
C:\Program Files\Microchip\xc8\v2.40\pic\sources\c90\common\awdiv.c
		___awdiv       		CODE           	026B	0000	105

C:\Program Files\Microchip\xc8\v2.40\pic\sources\c90\common\awdiv.c estimated size: 105

C:\Program Files\Microchip\xc8\v2.40\pic\sources\c90\common\Umul16.c
		___wmul        		CODE           	00EA	0000	37

C:\Program Files\Microchip\xc8\v2.40\pic\sources\c90\common\Umul16.c estimated size: 37

shared
		__stringtab    		STRING         	0003	0000	16
		_rowMask       		STRING         	001F	0000	4
		_keys          		STRING         	0013	0000	12
		__initialization		CODE           	07CA	0000	50
		_colMask       		STRING         	0023	0000	3

shared estimated size: 85

C:\Program Files\Microchip\xc8\v2.40\pic\sources\c90\common\awmod.c
		___awmod       		CODE           	01B8	0000	89

C:\Program Files\Microchip\xc8\v2.40\pic\sources\c90\common\awmod.c estimated size: 89

main.c
		_Timer0_Init   		CODE           	00CB	0000	13
		_UART_Read     		CODE           	03DE	0000	138
		_intToString   		CODE           	0359	0000	133
		_UART_Init     		CODE           	00D8	0000	18
		_RS485_RxEnable		CODE           	009F	0000	5
		_main          		CODE           	0468	0000	866
		_RS485_TxEnable		CODE           	00A4	0000	5
		_KeyPadReader  		CODE           	02D4	0000	133
		_GenerateRandomNumber		CODE           	00C0	0000	11
		_lcdSend       		CODE           	010F	0000	41
		_UART_Write    		CODE           	00B6	0000	10
		_lcdPrint      		CODE           	0174	0000	68
		_potenza       		CODE           	0138	0000	60
		_initLCD       		CODE           	0211	0000	90

main.c estimated size: 1591

